// Jest Snapshot v1, https://goo.gl/fbAQLP

exports[`config.js Default TSConfig 1`] = `
{
  "$schema": "https://json.schemastore.org/tsconfig",
  "_version": "5.0.0",
  "compilerOptions": {
    "esModuleInterop": true,
    "forceConsistentCasingInFileNames": true,
    "module": "esnext",
    "moduleResolution": "bundler",
    "skipLibCheck": true,
    "sourceMap": true,
    "strict": false,
    "target": "es2017",
    "verbatimModuleSyntax": true,
  },
  "display": "Svelte",
}
`;
